{
    "Two subjects \u2014 DBS contribution and counts files are produced": {
        "content": [
            [
                "T1.data_mutational_signatures_contribution_DBS.txt:md5,bace495ceb07705db0f8a9c48add77ba",
                "T2.data_mutational_signatures_contribution_DBS.txt:md5,aec3811ef86c46ee430434cbced62bdd"
            ],
            [
                "T1.data_mutational_signatures_counts_DBS.txt:md5,dd2ff0534e76a57e78d3880073a746b6",
                "T2.data_mutational_signatures_counts_DBS.txt:md5,d63adbdab75505b9f0757acd4467e786"
            ]
        ],
        "timestamp": "2026-05-28T08:45:09.234193377",
        "meta": {
            "nf-test": "0.9.5",
            "nextflow": "25.10.4"
        }
    }
}