{
    "Two subjects \u2014 SV contribution and counts files are produced": {
        "content": [
            [
                "T1.data_mutational_signatures_contribution_SV.txt:md5,bf726b21573fb81ef14178c7a38261e5",
                "T2.data_mutational_signatures_contribution_SV.txt:md5,d9cdf6611733f1c7cd6d2ce9c5888254"
            ],
            [
                "T1.data_mutational_signatures_counts_SV.txt:md5,f51c6127da978d6dac09a816eb4062c0",
                "T2.data_mutational_signatures_counts_SV.txt:md5,22fe954a42a6e7a0a5a5f69a94208761"
            ]
        ],
        "timestamp": "2026-05-28T08:45:26.989155569",
        "meta": {
            "nf-test": "0.9.5",
            "nextflow": "25.10.4"
        }
    }
}