{
    "Two subjects \u2014 DBS contribution and counts files are produced": {
        "content": [
            [
                "T1.data_mutational_signatures_contribution_DBS.txt:md5,bace495ceb07705db0f8a9c48add77ba",
                "T2.data_mutational_signatures_contribution_DBS.txt:md5,aec3811ef86c46ee430434cbced62bdd"
            ],
            [
                "T1.data_mutational_signatures_counts_DBS.txt:md5,b2aafe44342fab59c2e7036dbef7aa94",
                "T2.data_mutational_signatures_counts_DBS.txt:md5,a240352c6096cff1f8b8f5206c39eda6"
            ]
        ],
        "timestamp": "2026-06-01T14:40:12.437587419",
        "meta": {
            "nf-test": "0.9.5",
            "nextflow": "25.10.4"
        }
    }
}