{
    "Two subjects \u2014 data_mutational_signatures_contribution_SBS.txt files are produced": {
        "content": [
            [
                "T1.data_mutational_signatures_contribution_SBS.txt:md5,fa1341e9fe8d43733ff02c10ef454207",
                "T2.data_mutational_signatures_contribution_SBS.txt:md5,cae92879e09dc36bc240c08c7700cb6d"
            ]
        ],
        "timestamp": "2026-05-04T13:08:51.899134832",
        "meta": {
            "nf-test": "0.9.5",
            "nextflow": "25.10.4"
        }
    }
}