{
    "clinical": {
        "content": [
            0,
            null,
            [
                "pipeline_info",
                "pipeline_info/software_versions.yml"
            ],
            [
                
            ]
        ],
        "meta": {
            "nf-test": "0.9.3",
            "nextflow": "25.04.7"
        },
        "timestamp": "2025-11-14T11:15:17.233511735"
    }
}