{
    "genomic": {
        "content": [
            20,
            null,
            [
                "1.DT",
                "1.DT/1.DT.data_sv.txt",
                "1.DT/1.DT_data_cna_hg38.seg",
                "HG04239",
                "HG04239/HG04239.somatic_rna_germline.maf",
                "case_lists",
                "case_lists/cases_cnv.txt",
                "case_lists/cases_sequenced.txt",
                "data_cna_hg38.seg",
                "data_expression.txt",
                "data_mutations_dna_rna_germline.txt",
                "data_sv.txt",
                "meta_cna_hg38.txt",
                "meta_expression.txt",
                "meta_mutations.txt",
                "meta_study.txt",
                "meta_sv.txt",
                "pipeline_info",
                "pipeline_info/software_versions.yml",
                "util_linking_file.txt:md5,8da866107220ddf7db1038523c08e373"
            ],
            [
                "1.DT.data_sv.txt:md5,9766d760c1728a207a0321806241c7aa",
                "1.DT_data_cna_hg38.seg:md5,7aae409a7286244b678d7b06b0ab49d5",
                "HG04239.somatic_rna_germline.maf:md5,21f764111da9a5f280a20beae5631c57",
                "cases_cnv.txt:md5,745d97e13e89ccebc32c2f723a49dcf0",
                "cases_sequenced.txt:md5,fde488c6976a84e87e72e3096bb2554a",
                "data_cna_hg38.seg:md5,7aae409a7286244b678d7b06b0ab49d5",
                "data_expression.txt:md5,0a5c6bf0ad9a2c789120cc1987715897",
                "data_mutations_dna_rna_germline.txt:md5,21f764111da9a5f280a20beae5631c57",
                "data_sv.txt:md5,9766d760c1728a207a0321806241c7aa",
                "meta_cna_hg38.txt:md5,f6d835903480ac1af12d66c0a6adff8a",
                "meta_expression.txt:md5,0f71a0bbe7add4799cc7974ccfa517c5",
                "meta_mutations.txt:md5,8a1cc489176afa5933b7b2f47275ab88",
                "meta_study.txt:md5,6f59938f15d8d7fb73cb7785990ad293",
                "meta_sv.txt:md5,d66052d49514dacfbc166afa581453b3",
                "util_linking_file.txt:md5,249e94dd270b08ee2d9b6ad6e34f6874"
            ]
        ],
        "meta": {
            "nf-test": "0.9.3",
            "nextflow": "25.04.7"
        },
        "timestamp": "2025-11-10T12:00:09.544495436"
    }
}