{
    "genomic": {
        "content": [
            0,
            null,
            [
                "HG",
                "HG/util_linking_file.txt",
                "pipeline_info",
                "pipeline_info/software_versions.yml"
            ],
            [
                "util_linking_file.txt:md5,7b27201f0c3b95ddbf38c08fc890ff07"
            ]
        ],
        "meta": {
            "nf-test": "0.9.3",
            "nextflow": "25.04.7"
        },
        "timestamp": "2025-11-14T11:15:23.849228103"
    }
}