{
    "both mode \u2014 genomic + clinical combined output": {
        "content": [
            34,
            [
                "TEST",
                "TEST.tar.gz",
                "TEST/T1",
                "TEST/T1/T1-1DT.data_clinical_patient.txt",
                "TEST/T1/T1-1DT.data_clinical_sample.txt",
                "TEST/T1/T1-1DT.data_sv.txt",
                "TEST/T1/T1-1DT.isofox_fusion.data_sv.txt",
                "TEST/T1/T1-1DT.somatic_rna_germline.maf",
                "TEST/T1/T1-1DT.tpm.tsv",
                "TEST/T1/T1-1DT_data_cna_hg38.seg",
                "TEST/T1/T1-1DT_data_cna_long.txt",
                "TEST/T2",
                "TEST/T2/T2-T.data_clinical_patient.txt",
                "TEST/T2/T2-T.data_clinical_sample.txt",
                "TEST/T2/T2-T.data_sv.txt",
                "TEST/T2/T2-T.isofox_fusion.data_sv.txt",
                "TEST/T2/T2-T.somatic_rna_germline.maf",
                "TEST/T2/T2-T.tpm.tsv",
                "TEST/T2/T2-T_data_cna_hg38.seg",
                "TEST/T2/T2-T_data_cna_long.txt",
                "TEST/cancer_type.txt",
                "TEST/case_lists",
                "TEST/case_lists/cases_cnv.txt",
                "TEST/case_lists/cases_sequenced.txt",
                "TEST/case_lists/cases_sv.txt",
                "TEST/data_clinical_patient.txt",
                "TEST/data_clinical_sample.txt",
                "TEST/data_cna_hg38.seg",
                "TEST/data_cna_long.txt",
                "TEST/data_expression.txt",
                "TEST/data_mutations_dna_rna_germline.txt",
                "TEST/data_sv.txt",
                "TEST/data_timeline.txt",
                "TEST/machine_learning",
                "TEST/machine_learning/formatted",
                "TEST/machine_learning/formatted/all_somatic_mutations.tsv",
                "TEST/machine_learning/formatted/cnv_gene.tsv",
                "TEST/machine_learning/formatted/expression_tpm.tsv",
                "TEST/machine_learning/processed",
                "TEST/machine_learning/processed/cnv_genes.tsv",
                "TEST/machine_learning/processed/expression_processed_log2.tsv",
                "TEST/machine_learning/processed/expression_processed_standardized.tsv",
                "TEST/machine_learning/processed/mutations_processed_binary.tsv",
                "TEST/machine_learning/processed/mutations_processed_effect.tsv",
                "TEST/machine_learning/processed/mutations_processed_hybrid.tsv",
                "TEST/machine_learning/processed/mutations_processed_integrated.tsv",
                "TEST/machine_learning/processed/mutations_processed_vaf.tsv",
                "TEST/meta_cancer_type.txt",
                "TEST/meta_clinical_patient.txt",
                "TEST/meta_clinical_sample.txt",
                "TEST/meta_cna_hg38.txt",
                "TEST/meta_cna_long.txt",
                "TEST/meta_expression.txt",
                "TEST/meta_mutational_signatures_contribution_DBS.txt",
                "TEST/meta_mutational_signatures_contribution_ID.txt",
                "TEST/meta_mutational_signatures_contribution_SBS.txt",
                "TEST/meta_mutational_signatures_counts_DBS.txt",
                "TEST/meta_mutational_signatures_counts_ID.txt",
                "TEST/meta_mutational_signatures_counts_SBS.txt",
                "TEST/meta_sequenced.txt",
                "TEST/meta_study.txt",
                "TEST/meta_sv.txt",
                "TEST/meta_timeline.txt",
                "TEST/util_linking_file.txt",
                "pipeline_info",
                "pipeline_info/software_versions.yml"
            ],
            [
                "T1-1DT.data_clinical_patient.txt:md5,2010fd165866d6d452d8f588acc72e27",
                "T1-1DT.data_clinical_sample.txt:md5,39110e08e8f90680a38666fc44c592a1",
                "T1-1DT.data_sv.txt:md5,95b70454d5c3c1b78eee2610d9c7c452",
                "T1-1DT.isofox_fusion.data_sv.txt:md5,48370ab5f3e024e8cf54d81362b12016",
                "T1-1DT.somatic_rna_germline.maf:md5,bcb504cbd5eefdfbc98d90d262063d23",
                "T1-1DT.tpm.tsv:md5,96ae6022f4ea845aa9e6abefc74cf233",
                "T1-1DT_data_cna_hg38.seg:md5,c597634b2dc3d61031a7175b82e71de8",
                "T1-1DT_data_cna_long.txt:md5,9b2504d25b5ecf622e3946f6fa71e2d6",
                "T2-T.data_clinical_patient.txt:md5,300767b153ff652fd7d3598c73e45f13",
                "T2-T.data_clinical_sample.txt:md5,e0a32435a18fa25185b5983be7394aa6",
                "T2-T.data_sv.txt:md5,f883589d30a024b065424116ed4c5f50",
                "T2-T.isofox_fusion.data_sv.txt:md5,db7530e8066bd21f0d7ef1680dcfad88",
                "T2-T.somatic_rna_germline.maf:md5,db5c7a6a8dbd897c4d0c7d3b13094ca3",
                "T2-T.tpm.tsv:md5,862382082e3d6b1dc0ba6799e45275b6",
                "T2-T_data_cna_hg38.seg:md5,030edeb8f62811eac3d91ed49ff098e3",
                "T2-T_data_cna_long.txt:md5,a8f4ef523484488606e95250253cdf0f",
                "cancer_type.txt:md5,c79bb8a242cdaa94732479c19cd9ba64",
                "cases_cnv.txt:md5,7f93f4d3bfd46dccb3292024432d3e47",
                "cases_sequenced.txt:md5,91c9d3c2389dd5e7b24f7e60f298c62b",
                "cases_sv.txt:md5,5097e62d290c0a233002faebbc28c483",
                "data_clinical_patient.txt:md5,436f98ea35d7d19a3fa8f69fa7c1aa8e",
                "data_clinical_sample.txt:md5,f8ff0bfe592fb0693b6290feb420cfca",
                "data_cna_hg38.seg:md5,5fa88df1965c02182405694df64fe63e",
                "data_cna_long.txt:md5,c4c280b51f50e10db9a08ab632391532",
                "data_expression.txt:md5,81f6b9440fff9939c5012d381bfe02a9",
                "data_mutations_dna_rna_germline.txt:md5,2f8e1d0f5da3d1f1c6daf29672022750",
                "data_sv.txt:md5,7e1bb5f5459488399ef0cd3318444857",
                "data_timeline.txt:md5,48e4a8a7ef89899bd171ac7aad99faaf",
                "all_somatic_mutations.tsv:md5,7e9a1a0b48d0f2dd825b57b56290268d",
                "cnv_gene.tsv:md5,d378d8cbab81e111b158bed4c2dd9d46",
                "expression_tpm.tsv:md5,953373104bd76faa0b578ac34e2d88b7",
                "cnv_genes.tsv:md5,dfdec97db10c6d51cca72a858cada782",
                "expression_processed_log2.tsv:md5,1074f51168d716e67664b622ca046abf",
                "expression_processed_standardized.tsv:md5,1074f51168d716e67664b622ca046abf",
                "mutations_processed_binary.tsv:md5,8a3cf0690154827d56eaeec4c266c704",
                "mutations_processed_effect.tsv:md5,77200747cdf8d3f8b38a2ee8c137619d",
                "mutations_processed_hybrid.tsv:md5,57c288f195efbb41539d36b851d43dba",
                "mutations_processed_integrated.tsv:md5,1ebb49a26c320f143020ba543145625d",
                "mutations_processed_vaf.tsv:md5,3289836ce291b16440a0629e83b6af63",
                "meta_cancer_type.txt:md5,b5a9f61c582810fdcd5056c42d2c96a6",
                "meta_clinical_patient.txt:md5,db4e12d00e844523c08f6b37fd57865f",
                "meta_clinical_sample.txt:md5,28084eb9555ebab829df83fe97a1cdbe",
                "meta_cna_hg38.txt:md5,fea7b93b93b225eae54fd65cf98dfec9",
                "meta_cna_long.txt:md5,36be0d576ee91f9ddc7d90079d21322d",
                "meta_expression.txt:md5,fb817b03609b28d4dde78e35aa51f0fd",
                "meta_mutational_signatures_contribution_DBS.txt:md5,c29b53d764c6883f4cb4c27c954e9cdf",
                "meta_mutational_signatures_contribution_ID.txt:md5,8b0d6bc19e0200c42ec85d0f33ffe1f0",
                "meta_mutational_signatures_contribution_SBS.txt:md5,85757fe0cc58cc71ac5e99e7457ac548",
                "meta_mutational_signatures_counts_DBS.txt:md5,9eb014db4a96b1da634e61ff3704d23f",
                "meta_mutational_signatures_counts_ID.txt:md5,9b568ad3b82148934cea6e379e5bc507",
                "meta_mutational_signatures_counts_SBS.txt:md5,11f13ce15de72a17cb2ad64d571154b2",
                "meta_sequenced.txt:md5,03828947e8a68a3502721f9f556613c9",
                "meta_study.txt:md5,f477a8fbc7cbd12914d6bf63ea53580e",
                "meta_sv.txt:md5,6b7bb3be599705e4c0c169eb538c2865",
                "meta_timeline.txt:md5,8d576ca2d7f5f90bdff453cd371778ef",
                "util_linking_file.txt:md5,74ba4d7e0241c94fd014a4d994a83497"
            ]
        ],
        "timestamp": "2026-09-03T14:23:27.900712064",
        "meta": {
            "nf-test": "0.9.5",
            "nextflow": "25.10.4"
        }
    }
}