{
    "clinical": {
        "content": [
            4,
            {
                "Workflow": {
                    "CRCHUM-CITADEL/nextflow-sante-precision": "v1.3.2dev"
                }
            },
            [
                "data_clinical_patient.txt",
                "data_clinical_sample.txt",
                "meta_clinical_patient.txt",
                "meta_clinical_sample.txt",
                "pipeline_info",
                "pipeline_info/software_versions.yml"
            ],
            [
                "data_clinical_patient.txt:md5,64727bef85879630cfa76d27d5eb6d35",
                "data_clinical_sample.txt:md5,560a541b6e7c732fc80c16d975ab0b29",
                "meta_clinical_patient.txt:md5,a50f23209b906b23ebcdd2f226f03049",
                "meta_clinical_sample.txt:md5,9d38f37b3d957eb384558b485ca41298"
            ]
        ],
        "timestamp": "2026-07-21T08:55:18.683738709",
        "meta": {
            "nf-test": "0.9.5",
            "nextflow": "25.10.4"
        }
    }
}