{
    "clinical template \u2014 no clinical samplesheet": {
        "content": [
            2,
            [
                "data_clinical_sample.txt",
                "meta_clinical_sample.txt",
                "pipeline_info",
                "pipeline_info/software_versions.yml"
            ],
            [
                "data_clinical_sample.txt:md5,16747c9fe539aadafbf3d26245cc67ee",
                "meta_clinical_sample.txt:md5,7fb57611daa466db10e82d9cbe17537d"
            ]
        ],
        "timestamp": "2026-07-21T08:55:33.298056547",
        "meta": {
            "nf-test": "0.9.5",
            "nextflow": "25.10.4"
        }
    }
}