{
    "clinical template \u2014 no clinical samplesheet": {
        "content": [
            2,
            [
                "data_clinical_sample.txt",
                "meta_clinical_sample.txt",
                "pipeline_info",
                "pipeline_info/software_versions.yml"
            ],
            [
                "data_clinical_sample.txt:md5,c5dbef5c06b27e46eee378422e1a5409",
                "meta_clinical_sample.txt:md5,7fb57611daa466db10e82d9cbe17537d"
            ]
        ],
        "timestamp": "2026-08-06T12:06:49.881541754",
        "meta": {
            "nf-test": "0.9.5",
            "nextflow": "26.04.6"
        }
    }
}