{
    "clinical": {
        "content": [
            4,
            {
                "Workflow": {
                    "CRCHUM-CITADEL/nextflow-sante-precision": "v1.3.2dev"
                }
            },
            [
                "data_clinical_patient.txt",
                "data_clinical_sample.txt",
                "meta_clinical_patient.txt",
                "meta_clinical_sample.txt",
                "pipeline_info",
                "pipeline_info/software_versions.yml"
            ],
            [
                "data_clinical_patient.txt:md5,474173901e4145c3eac0d7e8e4fe38b0",
                "data_clinical_sample.txt:md5,16c60d22c549cd01ab7e35922ceea7fc",
                "meta_clinical_patient.txt:md5,a50f23209b906b23ebcdd2f226f03049",
                "meta_clinical_sample.txt:md5,9d38f37b3d957eb384558b485ca41298"
            ]
        ],
        "timestamp": "2026-07-27T10:43:50.229091538",
        "meta": {
            "nf-test": "0.9.5",
            "nextflow": "25.10.4"
        }
    }
}