{
    "clinical": {
        "content": [
            13,
            {
                "Workflow": {
                    "CRCHUM-CITADEL/nextflow-sante-precision": "v1.3.2dev"
                }
            },
            [
                "TEST",
                "TEST/cancer_type.txt",
                "TEST/data_clinical_patient.txt",
                "TEST/data_clinical_sample.txt",
                "TEST/meta_cancer_type.txt",
                "TEST/meta_clinical_patient.txt",
                "TEST/meta_clinical_sample.txt",
                "pipeline_info",
                "pipeline_info/software_versions.yml"
            ],
            [
                "cancer_type.txt:md5,b8c4e04e58d58e6fa5c712d77753addf",
                "data_clinical_patient.txt:md5,57d68bc157465f650542f3495992a0eb",
                "data_clinical_sample.txt:md5,752e2837a5084082989ea0a5afe802d8",
                "meta_cancer_type.txt:md5,f1cde77a4c6353d6e9a6b9824df2f4eb",
                "meta_clinical_patient.txt:md5,db4e12d00e844523c08f6b37fd57865f",
                "meta_clinical_sample.txt:md5,28084eb9555ebab829df83fe97a1cdbe"
            ]
        ],
        "timestamp": "2026-04-10T16:16:20.571816406",
        "meta": {
            "nf-test": "0.9.5",
            "nextflow": "25.10.4"
        }
    }
}