{
    "clinical template \u2014 no clinical samplesheet": {
        "content": [
            2,
            [
                "data_clinical_sample.txt",
                "meta_clinical_sample.txt",
                "pipeline_info",
                "pipeline_info/software_versions.yml"
            ],
            [
                "data_clinical_sample.txt:md5,78404331baa0c7ffa76ccc41c2872164",
                "meta_clinical_sample.txt:md5,7fb57611daa466db10e82d9cbe17537d"
            ]
        ],
        "timestamp": "2026-07-20T11:11:22.161470431",
        "meta": {
            "nf-test": "0.9.5",
            "nextflow": "25.10.4"
        }
    }
}