{
    "Two subjects \u2014 SV data_sv.txt files are produced": {
        "content": [
            [
                "T1.esvee.data_sv.txt:md5,160e2cfebb0b949e1c63b8d9aa807a15",
                "T2.esvee.data_sv.txt:md5,24f907b9f745fb9b0eccda9ac852aaf6"
            ]
        ],
        "timestamp": "2026-07-21T16:12:22.664290494",
        "meta": {
            "nf-test": "0.9.5",
            "nextflow": "25.10.4"
        }
    }
}