{
    "All file types \u2014 clinical output files are produced": {
        "content": [
            "data_clinical_sample.txt:md5,1baca69cffbc31e60e7587702e453d34",
            "data_clinical_patient.txt:md5,fe3558717937303322311c9862842c6c",
            "data_timeline_surgery.txt:md5,81fb064841907373fa3c77f6f13aeda5",
            "data_timeline_treatment.txt:md5,fa5bd4293715890d8716ee7b178e2361",
            "data_timeline_status.txt:md5,c063b44bb36fd4043ca26bc2cd446f3e",
            "data_timeline_specimen.txt:md5,dcfb72815df0af71566a96bad6f77004",
            "data_timeline_lab_test.txt:md5,ef8dbc0e395bfe38d5c591c848b17d28"
        ],
        "timestamp": "2026-07-31T16:48:57.876058758",
        "meta": {
            "nf-test": "0.9.5",
            "nextflow": "26.04.6"
        }
    }
}