{
    "All file types \u2014 clinical output files are produced": {
        "content": [
            "data_clinical_sample.txt:md5,2e62081f0da81e9e67b3cf5c7902f06b",
            "data_clinical_patient.txt:md5,fe3558717937303322311c9862842c6c",
            "data_timeline.txt:md5,cc0daef59762141067d98529c0b07d0f"
        ],
        "timestamp": "2026-08-06T12:06:00.018905134",
        "meta": {
            "nf-test": "0.9.5",
            "nextflow": "26.04.6"
        }
    }
}