{
    "Two subjects \u2014 SV data_sv.txt files are produced": {
        "content": [
            [
                "T1.data_sv.txt:md5,4b07a73d8adc70581d3539b8c2160467",
                "T2.data_sv.txt:md5,2f6af56d5ad564e9a701dae220367895"
            ]
        ],
        "timestamp": "2026-04-10T16:04:39.756743102",
        "meta": {
            "nf-test": "0.9.5",
            "nextflow": "25.10.4"
        }
    }
}