{
    "Two subjects \u2014 SV data_sv.txt files are produced": {
        "content": [
            [
                "T1.data_sv.txt:md5,160e2cfebb0b949e1c63b8d9aa807a15",
                "T2.data_sv.txt:md5,178665eb4d523bfa8654c2d72d33c032"
            ]
        ],
        "timestamp": "2026-04-14T16:03:31.183814822",
        "meta": {
            "nf-test": "0.9.5",
            "nextflow": "25.10.4"
        }
    }
}