{
    "Two subjects \u2014 SV data_sv.txt files are produced": {
        "content": [
            [
                "T1.data_sv.txt:md5,160e2cfebb0b949e1c63b8d9aa807a15",
                "T2.data_sv.txt:md5,dcf3bcd63e5f3e34da002a79357b8bcc"
            ]
        ],
        "timestamp": "2026-04-17T14:27:30.672856348",
        "meta": {
            "nf-test": "0.9.5",
            "nextflow": "25.10.4"
        }
    }
}